2025-11-04 16:50:53.323 +02:00 [INF] Serilog configured successfully
2025-11-04 16:50:53.355 +02:00 [INF] === NoaHubManager Starting ===
2025-11-04 16:50:53.358 +02:00 [INF] Version: 1.0.0.0
2025-11-04 16:50:53.360 +02:00 [INF] Build Date: "2025-11-04T16:50:47.2767309+02:00"
2025-11-04 16:50:53.363 +02:00 [INF] Runtime: 9.0.9
2025-11-04 16:50:53.365 +02:00 [INF] OS: Microsoft Windows NT 10.0.26100.0
2025-11-04 16:50:53.366 +02:00 [INF] Machine: <machine>
2025-11-04 16:50:53.368 +02:00 [INF] User: <user>
2025-11-04 16:50:53.369 +02:00 [INF] Process ID: <pid-hidden>
2025-11-04 16:50:53.372 +02:00 [INF] Working Directory: <USERPROFILE>\Documents\work\Task 2.2\NoaHubManager\Hub-Manager\src\HubManager\bin\Release\net9.0
2025-11-04 16:50:53.373 +02:00 [INF] Command Line: <cmdline-hidden>
2025-11-04 16:50:53.375 +02:00 [INF] Environment: Production
2025-11-04 16:50:53.536 +02:00 [INF] Starting service configuration for NoaHubManager
2025-11-04 16:50:55.158 +02:00 [INF] OpenTelemetry configured for NoaHubManager v1.0.0.0
2025-11-04 16:50:55.327 +02:00 [WRN] ConnectionStringsDb configuration section not found
2025-11-04 16:50:55.329 +02:00 [WRN] KafkaConfiguration section not found in configuration
2025-11-04 16:50:55.331 +02:00 [INF] Service configuration completed. Registered services: 98
2025-11-04 16:50:55.434 +02:00 [FTL] Host terminated unexpectedly
System.InvalidOperationException: Unable to resolve service for type 'Application.Interfaces.IKafkaService`1[Domain.ValueObjects.Gateway.GatewayMessage]' while attempting to activate 'HubManager.MessagesBackgroundService'.
   at Microsoft.Extensions.DependencyInjection.ServiceLookup.CallSiteFactory.CreateArgumentCallSites(ServiceIdentifier serviceIdentifier, Type implementationType, CallSiteChain callSiteChain, ParameterInfo[] parameters, Boolean throwIfCallSiteNotFound)
   at Microsoft.Extensions.DependencyInjection.ServiceLookup.CallSiteFactory.CreateConstructorCallSite(ResultCache lifetime, ServiceIdentifier serviceIdentifier, Type implementationType, CallSiteChain callSiteChain)
   at Microsoft.Extensions.DependencyInjection.ServiceLookup.CallSiteFactory.TryCreateExact(ServiceDescriptor descriptor, ServiceIdentifier serviceIdentifier, CallSiteChain callSiteChain, Int32 slot)
   at Microsoft.Extensions.DependencyInjection.ServiceLookup.CallSiteFactory.TryCreateEnumerable(ServiceIdentifier serviceIdentifier, CallSiteChain callSiteChain)
   at Microsoft.Extensions.DependencyInjection.ServiceLookup.CallSiteFactory.CreateCallSite(ServiceIdentifier serviceIdentifier, CallSiteChain callSiteChain)
   at Microsoft.Extensions.DependencyInjection.ServiceLookup.CallSiteFactory.GetCallSite(ServiceIdentifier serviceIdentifier, CallSiteChain callSiteChain)
   at Microsoft.Extensions.DependencyInjection.ServiceProvider.CreateServiceAccessor(ServiceIdentifier serviceIdentifier)
   at System.Collections.Concurrent.ConcurrentDictionary`2.GetOrAdd(TKey key, Func`2 valueFactory)
   at Microsoft.Extensions.DependencyInjection.ServiceProvider.GetService(ServiceIdentifier serviceIdentifier, ServiceProviderEngineScope serviceProviderEngineScope)
   at Microsoft.Extensions.DependencyInjection.ServiceProvider.GetService(Type serviceType)
   at Microsoft.Extensions.DependencyInjection.ServiceProviderServiceExtensions.GetRequiredService(IServiceProvider provider, Type serviceType)
   at Microsoft.Extensions.DependencyInjection.ServiceProviderServiceExtensions.GetRequiredService[T](IServiceProvider provider)
   at Microsoft.Extensions.Hosting.Internal.Host.StartAsync(CancellationToken cancellationToken)
   at Microsoft.Extensions.Hosting.HostingAbstractionsHostExtensions.RunAsync(IHost host, CancellationToken token)
   at Microsoft.Extensions.Hosting.HostingAbstractionsHostExtensions.RunAsync(IHost host, CancellationToken token)
   at HubManager.Bootstrap.HostRunner.RunAsync(BootstrapContext ctx, IHost host) in C:\Users\jason\Documents\work\Task 2.2\NoaHubManager\Hub-Manager\src\HubManager\Bootstrap\HostRunner.cs:line 36
   at HubManager.Program.Main(String[] args) in C:\Users\jason\Documents\work\Task 2.2\NoaHubManager\Hub-Manager\src\HubManager\Program.cs:line 28
2025-11-04 16:50:55.439 +02:00 [INF] Shutting down NoaHubManager
2025-11-04 16:52:06.795 +02:00 [INF] Serilog configured successfully
2025-11-04 16:52:06.827 +02:00 [INF] === NoaHubManager Starting ===
2025-11-04 16:52:06.830 +02:00 [INF] Version: 1.0.0.0
2025-11-04 16:52:06.831 +02:00 [INF] Build Date: "2025-11-04T16:52:04.1293652+02:00"
2025-11-04 16:52:06.834 +02:00 [INF] Runtime: 9.0.9
2025-11-04 16:52:06.836 +02:00 [INF] OS: Microsoft Windows NT 10.0.26100.0
2025-11-04 16:52:06.836 +02:00 [INF] Machine: <machine>
2025-11-04 16:52:06.837 +02:00 [INF] User: <user>
2025-11-04 16:52:06.839 +02:00 [INF] Process ID: <pid-hidden>
2025-11-04 16:52:06.841 +02:00 [INF] Working Directory: <USERPROFILE>\Documents\work\Task 2.2\NoaHubManager\Hub-Manager\src\HubManager\bin\Release\net9.0
2025-11-04 16:52:06.842 +02:00 [INF] Command Line: <cmdline-hidden>
2025-11-04 16:52:06.844 +02:00 [INF] Environment: Production
2025-11-04 16:52:06.967 +02:00 [INF] Starting service configuration for NoaHubManager
2025-11-04 16:52:07.095 +02:00 [INF] OpenTelemetry configured for NoaHubManager v1.0.0.0
2025-11-04 16:52:07.110 +02:00 [WRN] ConnectionStringsDb configuration section not found
2025-11-04 16:52:07.112 +02:00 [WRN] KafkaConfiguration section not found in configuration
2025-11-04 16:52:07.113 +02:00 [INF] Service configuration completed. Registered services: 98
2025-11-04 16:52:07.165 +02:00 [FTL] Host terminated unexpectedly
System.InvalidOperationException: Unable to resolve service for type 'Application.Interfaces.IKafkaService`1[Domain.ValueObjects.Gateway.GatewayMessage]' while attempting to activate 'HubManager.MessagesBackgroundService'.
   at Microsoft.Extensions.DependencyInjection.ServiceLookup.CallSiteFactory.CreateArgumentCallSites(ServiceIdentifier serviceIdentifier, Type implementationType, CallSiteChain callSiteChain, ParameterInfo[] parameters, Boolean throwIfCallSiteNotFound)
   at Microsoft.Extensions.DependencyInjection.ServiceLookup.CallSiteFactory.CreateConstructorCallSite(ResultCache lifetime, ServiceIdentifier serviceIdentifier, Type implementationType, CallSiteChain callSiteChain)
   at Microsoft.Extensions.DependencyInjection.ServiceLookup.CallSiteFactory.TryCreateExact(ServiceDescriptor descriptor, ServiceIdentifier serviceIdentifier, CallSiteChain callSiteChain, Int32 slot)
   at Microsoft.Extensions.DependencyInjection.ServiceLookup.CallSiteFactory.TryCreateEnumerable(ServiceIdentifier serviceIdentifier, CallSiteChain callSiteChain)
   at Microsoft.Extensions.DependencyInjection.ServiceLookup.CallSiteFactory.CreateCallSite(ServiceIdentifier serviceIdentifier, CallSiteChain callSiteChain)
   at Microsoft.Extensions.DependencyInjection.ServiceLookup.CallSiteFactory.GetCallSite(ServiceIdentifier serviceIdentifier, CallSiteChain callSiteChain)
   at Microsoft.Extensions.DependencyInjection.ServiceProvider.CreateServiceAccessor(ServiceIdentifier serviceIdentifier)
   at System.Collections.Concurrent.ConcurrentDictionary`2.GetOrAdd(TKey key, Func`2 valueFactory)
   at Microsoft.Extensions.DependencyInjection.ServiceProvider.GetService(ServiceIdentifier serviceIdentifier, ServiceProviderEngineScope serviceProviderEngineScope)
   at Microsoft.Extensions.DependencyInjection.ServiceProvider.GetService(Type serviceType)
   at Microsoft.Extensions.DependencyInjection.ServiceProviderServiceExtensions.GetRequiredService(IServiceProvider provider, Type serviceType)
   at Microsoft.Extensions.DependencyInjection.ServiceProviderServiceExtensions.GetRequiredService[T](IServiceProvider provider)
   at Microsoft.Extensions.Hosting.Internal.Host.StartAsync(CancellationToken cancellationToken)
   at Microsoft.Extensions.Hosting.HostingAbstractionsHostExtensions.RunAsync(IHost host, CancellationToken token)
   at Microsoft.Extensions.Hosting.HostingAbstractionsHostExtensions.RunAsync(IHost host, CancellationToken token)
   at HubManager.Bootstrap.HostRunner.RunAsync(BootstrapContext ctx, IHost host) in C:\Users\jason\Documents\work\Task 2.2\NoaHubManager\Hub-Manager\src\HubManager\Bootstrap\HostRunner.cs:line 36
   at HubManager.Program.Main(String[] args) in C:\Users\jason\Documents\work\Task 2.2\NoaHubManager\Hub-Manager\src\HubManager\Program.cs:line 29
2025-11-04 16:52:07.173 +02:00 [INF] Shutting down NoaHubManager
