2025-11-04 16:42:15.818 +02:00 [INF] Serilog configured successfully
2025-11-04 16:42:15.867 +02:00 [INF] === NoaHubManager Starting ===
2025-11-04 16:42:15.873 +02:00 [INF] Version: 1.0.0.0
2025-11-04 16:42:15.874 +02:00 [INF] Build Date: "2025-11-04T16:42:13.1248210+02:00"
2025-11-04 16:42:15.879 +02:00 [INF] Runtime: 9.0.9
2025-11-04 16:42:15.882 +02:00 [INF] OS: Microsoft Windows NT 10.0.26100.0
2025-11-04 16:42:15.883 +02:00 [INF] Machine: JIOAKEIM
2025-11-04 16:42:15.886 +02:00 [INF] User: jason
2025-11-04 16:42:15.889 +02:00 [INF] Process ID: 41744
2025-11-04 16:42:15.891 +02:00 [INF] Working Directory: C:\Users\jason\Documents\work\Task 2.2\NoaHubManager\Hub-Manager\src\HubManager\bin\Debug\net9.0
2025-11-04 16:42:15.892 +02:00 [INF] Command Line: "C:\Users\jason\Documents\work\Task 2.2\NoaHubManager\Hub-Manager\src\HubManager\bin\Debug\net9.0\HubManager.dll"
2025-11-04 16:42:15.894 +02:00 [INF] Environment: Production
2025-11-04 16:42:16.017 +02:00 [INF] Starting service configuration for NoaHubManager
2025-11-04 16:42:17.084 +02:00 [INF] OpenTelemetry configured for NoaHubManager v1.0.0.0
2025-11-04 16:42:17.171 +02:00 [INF] Service configuration completed. Registered services: 104
2025-11-04 16:42:17.317 +02:00 [FTL] Host terminated unexpectedly
System.InvalidOperationException: Unable to resolve service for type 'Application.Interfaces.IKafkaService`1[Domain.ValueObjects.Gateway.GatewayMessage]' while attempting to activate 'HubManager.MessagesBackgroundService'.
   at Microsoft.Extensions.DependencyInjection.ServiceLookup.CallSiteFactory.CreateArgumentCallSites(ServiceIdentifier serviceIdentifier, Type implementationType, CallSiteChain callSiteChain, ParameterInfo[] parameters, Boolean throwIfCallSiteNotFound)
   at Microsoft.Extensions.DependencyInjection.ServiceLookup.CallSiteFactory.CreateConstructorCallSite(ResultCache lifetime, ServiceIdentifier serviceIdentifier, Type implementationType, CallSiteChain callSiteChain)
   at Microsoft.Extensions.DependencyInjection.ServiceLookup.CallSiteFactory.TryCreateExact(ServiceDescriptor descriptor, ServiceIdentifier serviceIdentifier, CallSiteChain callSiteChain, Int32 slot)
   at Microsoft.Extensions.DependencyInjection.ServiceLookup.CallSiteFactory.TryCreateEnumerable(ServiceIdentifier serviceIdentifier, CallSiteChain callSiteChain)
   at Microsoft.Extensions.DependencyInjection.ServiceLookup.CallSiteFactory.CreateCallSite(ServiceIdentifier serviceIdentifier, CallSiteChain callSiteChain)
   at Microsoft.Extensions.DependencyInjection.ServiceLookup.CallSiteFactory.GetCallSite(ServiceIdentifier serviceIdentifier, CallSiteChain callSiteChain)
   at Microsoft.Extensions.DependencyInjection.ServiceProvider.CreateServiceAccessor(ServiceIdentifier serviceIdentifier)
   at System.Collections.Concurrent.ConcurrentDictionary`2.GetOrAdd(TKey key, Func`2 valueFactory)
   at Microsoft.Extensions.DependencyInjection.ServiceProvider.GetService(ServiceIdentifier serviceIdentifier, ServiceProviderEngineScope serviceProviderEngineScope)
   at Microsoft.Extensions.DependencyInjection.ServiceProvider.GetService(Type serviceType)
   at Microsoft.Extensions.DependencyInjection.ServiceProviderServiceExtensions.GetRequiredService(IServiceProvider provider, Type serviceType)
   at Microsoft.Extensions.DependencyInjection.ServiceProviderServiceExtensions.GetRequiredService[T](IServiceProvider provider)
   at Microsoft.Extensions.Hosting.Internal.Host.StartAsync(CancellationToken cancellationToken)
   at Microsoft.Extensions.Hosting.HostingAbstractionsHostExtensions.RunAsync(IHost host, CancellationToken token)
   at Microsoft.Extensions.Hosting.HostingAbstractionsHostExtensions.RunAsync(IHost host, CancellationToken token)
   at HubManager.Program.RunApplicationAsync(IHost host) in C:\Users\jason\Documents\work\Task 2.2\NoaHubManager\Hub-Manager\src\HubManager\Program.cs:line 267
   at HubManager.Program.Main(String[] args) in C:\Users\jason\Documents\work\Task 2.2\NoaHubManager\Hub-Manager\src\HubManager\Program.cs:line 37
2025-11-04 16:42:17.323 +02:00 [INF] Shutting down NoaHubManager
2025-11-04 16:44:53.766 +02:00 [INF] Serilog configured successfully
2025-11-04 16:44:53.801 +02:00 [INF] === NoaHubManager Starting ===
2025-11-04 16:44:53.804 +02:00 [INF] Version: 1.0.0.0
2025-11-04 16:44:53.806 +02:00 [INF] Build Date: "2025-11-04T16:44:51.8063662+02:00"
2025-11-04 16:44:53.810 +02:00 [INF] Runtime: 9.0.9
2025-11-04 16:44:53.816 +02:00 [INF] OS: Microsoft Windows NT 10.0.26100.0
2025-11-04 16:44:53.819 +02:00 [INF] Machine: JIOAKEIM
2025-11-04 16:44:53.826 +02:00 [INF] User: jason
2025-11-04 16:44:53.829 +02:00 [INF] Process ID: 41280
2025-11-04 16:44:53.831 +02:00 [INF] Working Directory: C:\Users\jason\Documents\work\Task 2.2\NoaHubManager\Hub-Manager\src\HubManager\bin\Debug\net9.0
2025-11-04 16:44:53.833 +02:00 [INF] Command Line: "C:\Users\jason\Documents\work\Task 2.2\NoaHubManager\Hub-Manager\src\HubManager\bin\Debug\net9.0\HubManager.dll"
2025-11-04 16:44:53.834 +02:00 [INF] Environment: Production
2025-11-04 16:44:53.950 +02:00 [INF] Starting service configuration for NoaHubManager
2025-11-04 16:44:54.050 +02:00 [INF] OpenTelemetry configured for NoaHubManager v1.0.0.0
2025-11-04 16:44:54.063 +02:00 [INF] Service configuration completed. Registered services: 104
2025-11-04 16:44:54.129 +02:00 [FTL] Host terminated unexpectedly
System.InvalidOperationException: Unable to resolve service for type 'Application.Interfaces.IKafkaService`1[Domain.ValueObjects.Gateway.GatewayMessage]' while attempting to activate 'HubManager.MessagesBackgroundService'.
   at Microsoft.Extensions.DependencyInjection.ServiceLookup.CallSiteFactory.CreateArgumentCallSites(ServiceIdentifier serviceIdentifier, Type implementationType, CallSiteChain callSiteChain, ParameterInfo[] parameters, Boolean throwIfCallSiteNotFound)
   at Microsoft.Extensions.DependencyInjection.ServiceLookup.CallSiteFactory.CreateConstructorCallSite(ResultCache lifetime, ServiceIdentifier serviceIdentifier, Type implementationType, CallSiteChain callSiteChain)
   at Microsoft.Extensions.DependencyInjection.ServiceLookup.CallSiteFactory.TryCreateExact(ServiceDescriptor descriptor, ServiceIdentifier serviceIdentifier, CallSiteChain callSiteChain, Int32 slot)
   at Microsoft.Extensions.DependencyInjection.ServiceLookup.CallSiteFactory.TryCreateEnumerable(ServiceIdentifier serviceIdentifier, CallSiteChain callSiteChain)
   at Microsoft.Extensions.DependencyInjection.ServiceLookup.CallSiteFactory.CreateCallSite(ServiceIdentifier serviceIdentifier, CallSiteChain callSiteChain)
   at Microsoft.Extensions.DependencyInjection.ServiceLookup.CallSiteFactory.GetCallSite(ServiceIdentifier serviceIdentifier, CallSiteChain callSiteChain)
   at Microsoft.Extensions.DependencyInjection.ServiceProvider.CreateServiceAccessor(ServiceIdentifier serviceIdentifier)
   at System.Collections.Concurrent.ConcurrentDictionary`2.GetOrAdd(TKey key, Func`2 valueFactory)
   at Microsoft.Extensions.DependencyInjection.ServiceProvider.GetService(ServiceIdentifier serviceIdentifier, ServiceProviderEngineScope serviceProviderEngineScope)
   at Microsoft.Extensions.DependencyInjection.ServiceProvider.GetService(Type serviceType)
   at Microsoft.Extensions.DependencyInjection.ServiceProviderServiceExtensions.GetRequiredService(IServiceProvider provider, Type serviceType)
   at Microsoft.Extensions.DependencyInjection.ServiceProviderServiceExtensions.GetRequiredService[T](IServiceProvider provider)
   at Microsoft.Extensions.Hosting.Internal.Host.StartAsync(CancellationToken cancellationToken)
   at Microsoft.Extensions.Hosting.HostingAbstractionsHostExtensions.RunAsync(IHost host, CancellationToken token)
   at Microsoft.Extensions.Hosting.HostingAbstractionsHostExtensions.RunAsync(IHost host, CancellationToken token)
   at HubManager.Bootstrap.HostRunner.RunAsync(BootstrapContext ctx, IHost host) in C:\Users\jason\Documents\work\Task 2.2\NoaHubManager\Hub-Manager\src\HubManager\Bootstrap\HostRunner.cs:line 36
   at HubManager.Program.Main(String[] args) in C:\Users\jason\Documents\work\Task 2.2\NoaHubManager\Hub-Manager\src\HubManager\Program.cs:line 26
2025-11-04 16:44:54.135 +02:00 [INF] Shutting down NoaHubManager
2025-11-04 16:45:10.327 +02:00 [INF] Serilog configured successfully
2025-11-04 16:45:10.377 +02:00 [INF] === NoaHubManager Starting ===
2025-11-04 16:45:10.380 +02:00 [INF] Version: 1.0.0.0
2025-11-04 16:45:10.382 +02:00 [INF] Build Date: "2025-11-04T16:45:08.9417133+02:00"
2025-11-04 16:45:10.387 +02:00 [INF] Runtime: 9.0.9
2025-11-04 16:45:10.390 +02:00 [INF] OS: Microsoft Windows NT 10.0.26100.0
2025-11-04 16:45:10.391 +02:00 [INF] Machine: JIOAKEIM
2025-11-04 16:45:10.394 +02:00 [INF] User: jason
2025-11-04 16:45:10.396 +02:00 [INF] Process ID: 10992
2025-11-04 16:45:10.398 +02:00 [INF] Working Directory: C:\Users\jason\Documents\work\Task 2.2\NoaHubManager\Hub-Manager\src\HubManager\bin\Debug\net9.0
2025-11-04 16:45:10.399 +02:00 [INF] Command Line: "C:\Users\jason\Documents\work\Task 2.2\NoaHubManager\Hub-Manager\src\HubManager\bin\Debug\net9.0\HubManager.dll"
2025-11-04 16:45:10.401 +02:00 [INF] Environment: Production
2025-11-04 16:45:10.550 +02:00 [INF] Starting service configuration for NoaHubManager
2025-11-04 16:45:10.652 +02:00 [INF] OpenTelemetry configured for NoaHubManager v1.0.0.0
2025-11-04 16:45:10.674 +02:00 [INF] Service configuration completed. Registered services: 104
2025-11-04 16:45:10.753 +02:00 [FTL] Host terminated unexpectedly
System.InvalidOperationException: Unable to resolve service for type 'Application.Interfaces.IKafkaService`1[Domain.ValueObjects.Gateway.GatewayMessage]' while attempting to activate 'HubManager.MessagesBackgroundService'.
   at Microsoft.Extensions.DependencyInjection.ServiceLookup.CallSiteFactory.CreateArgumentCallSites(ServiceIdentifier serviceIdentifier, Type implementationType, CallSiteChain callSiteChain, ParameterInfo[] parameters, Boolean throwIfCallSiteNotFound)
   at Microsoft.Extensions.DependencyInjection.ServiceLookup.CallSiteFactory.CreateConstructorCallSite(ResultCache lifetime, ServiceIdentifier serviceIdentifier, Type implementationType, CallSiteChain callSiteChain)
   at Microsoft.Extensions.DependencyInjection.ServiceLookup.CallSiteFactory.TryCreateExact(ServiceDescriptor descriptor, ServiceIdentifier serviceIdentifier, CallSiteChain callSiteChain, Int32 slot)
   at Microsoft.Extensions.DependencyInjection.ServiceLookup.CallSiteFactory.TryCreateEnumerable(ServiceIdentifier serviceIdentifier, CallSiteChain callSiteChain)
   at Microsoft.Extensions.DependencyInjection.ServiceLookup.CallSiteFactory.CreateCallSite(ServiceIdentifier serviceIdentifier, CallSiteChain callSiteChain)
   at Microsoft.Extensions.DependencyInjection.ServiceLookup.CallSiteFactory.GetCallSite(ServiceIdentifier serviceIdentifier, CallSiteChain callSiteChain)
   at Microsoft.Extensions.DependencyInjection.ServiceProvider.CreateServiceAccessor(ServiceIdentifier serviceIdentifier)
   at System.Collections.Concurrent.ConcurrentDictionary`2.GetOrAdd(TKey key, Func`2 valueFactory)
   at Microsoft.Extensions.DependencyInjection.ServiceProvider.GetService(ServiceIdentifier serviceIdentifier, ServiceProviderEngineScope serviceProviderEngineScope)
   at Microsoft.Extensions.DependencyInjection.ServiceProvider.GetService(Type serviceType)
   at Microsoft.Extensions.DependencyInjection.ServiceProviderServiceExtensions.GetRequiredService(IServiceProvider provider, Type serviceType)
   at Microsoft.Extensions.DependencyInjection.ServiceProviderServiceExtensions.GetRequiredService[T](IServiceProvider provider)
   at Microsoft.Extensions.Hosting.Internal.Host.StartAsync(CancellationToken cancellationToken)
   at Microsoft.Extensions.Hosting.HostingAbstractionsHostExtensions.RunAsync(IHost host, CancellationToken token)
   at Microsoft.Extensions.Hosting.HostingAbstractionsHostExtensions.RunAsync(IHost host, CancellationToken token)
   at HubManager.Bootstrap.HostRunner.RunAsync(BootstrapContext ctx, IHost host) in C:\Users\jason\Documents\work\Task 2.2\NoaHubManager\Hub-Manager\src\HubManager\Bootstrap\HostRunner.cs:line 36
   at HubManager.Program.Main(String[] args) in C:\Users\jason\Documents\work\Task 2.2\NoaHubManager\Hub-Manager\src\HubManager\Program.cs:line 26
2025-11-04 16:45:10.759 +02:00 [INF] Shutting down NoaHubManager
2025-11-04 16:49:41.549 +02:00 [INF] Serilog configured successfully
2025-11-04 16:49:41.584 +02:00 [INF] === NoaHubManager Starting ===
2025-11-04 16:49:41.586 +02:00 [INF] Version: 1.0.0.0
2025-11-04 16:49:41.587 +02:00 [INF] Build Date: "2025-11-04T16:49:39.8632810+02:00"
2025-11-04 16:49:41.591 +02:00 [INF] Runtime: 9.0.9
2025-11-04 16:49:41.594 +02:00 [INF] OS: Microsoft Windows NT 10.0.26100.0
2025-11-04 16:49:41.596 +02:00 [INF] Machine: <machine>
2025-11-04 16:49:41.597 +02:00 [INF] User: <user>
2025-11-04 16:49:41.598 +02:00 [INF] Process ID: <pid-hidden>
2025-11-04 16:49:41.600 +02:00 [INF] Working Directory: <USERPROFILE>\Documents\work\Task 2.2\NoaHubManager\Hub-Manager\src\HubManager\bin\Debug\net9.0
2025-11-04 16:49:41.601 +02:00 [INF] Command Line: <cmdline-hidden>
2025-11-04 16:49:41.602 +02:00 [INF] Environment: Production
2025-11-04 16:49:41.735 +02:00 [INF] Starting service configuration for NoaHubManager
2025-11-04 16:49:41.885 +02:00 [INF] OpenTelemetry configured for NoaHubManager v1.0.0.0
2025-11-04 16:49:41.904 +02:00 [INF] Service configuration completed. Registered services: 104
2025-11-04 16:49:41.983 +02:00 [FTL] Host terminated unexpectedly
System.InvalidOperationException: Unable to resolve service for type 'Application.Interfaces.IKafkaService`1[Domain.ValueObjects.Gateway.GatewayMessage]' while attempting to activate 'HubManager.MessagesBackgroundService'.
   at Microsoft.Extensions.DependencyInjection.ServiceLookup.CallSiteFactory.CreateArgumentCallSites(ServiceIdentifier serviceIdentifier, Type implementationType, CallSiteChain callSiteChain, ParameterInfo[] parameters, Boolean throwIfCallSiteNotFound)
   at Microsoft.Extensions.DependencyInjection.ServiceLookup.CallSiteFactory.CreateConstructorCallSite(ResultCache lifetime, ServiceIdentifier serviceIdentifier, Type implementationType, CallSiteChain callSiteChain)
   at Microsoft.Extensions.DependencyInjection.ServiceLookup.CallSiteFactory.TryCreateExact(ServiceDescriptor descriptor, ServiceIdentifier serviceIdentifier, CallSiteChain callSiteChain, Int32 slot)
   at Microsoft.Extensions.DependencyInjection.ServiceLookup.CallSiteFactory.TryCreateEnumerable(ServiceIdentifier serviceIdentifier, CallSiteChain callSiteChain)
   at Microsoft.Extensions.DependencyInjection.ServiceLookup.CallSiteFactory.CreateCallSite(ServiceIdentifier serviceIdentifier, CallSiteChain callSiteChain)
   at Microsoft.Extensions.DependencyInjection.ServiceLookup.CallSiteFactory.GetCallSite(ServiceIdentifier serviceIdentifier, CallSiteChain callSiteChain)
   at Microsoft.Extensions.DependencyInjection.ServiceProvider.CreateServiceAccessor(ServiceIdentifier serviceIdentifier)
   at System.Collections.Concurrent.ConcurrentDictionary`2.GetOrAdd(TKey key, Func`2 valueFactory)
   at Microsoft.Extensions.DependencyInjection.ServiceProvider.GetService(ServiceIdentifier serviceIdentifier, ServiceProviderEngineScope serviceProviderEngineScope)
   at Microsoft.Extensions.DependencyInjection.ServiceProvider.GetService(Type serviceType)
   at Microsoft.Extensions.DependencyInjection.ServiceProviderServiceExtensions.GetRequiredService(IServiceProvider provider, Type serviceType)
   at Microsoft.Extensions.DependencyInjection.ServiceProviderServiceExtensions.GetRequiredService[T](IServiceProvider provider)
   at Microsoft.Extensions.Hosting.Internal.Host.StartAsync(CancellationToken cancellationToken)
   at Microsoft.Extensions.Hosting.HostingAbstractionsHostExtensions.RunAsync(IHost host, CancellationToken token)
   at Microsoft.Extensions.Hosting.HostingAbstractionsHostExtensions.RunAsync(IHost host, CancellationToken token)
   at HubManager.Bootstrap.HostRunner.RunAsync(BootstrapContext ctx, IHost host) in C:\Users\jason\Documents\work\Task 2.2\NoaHubManager\Hub-Manager\src\HubManager\Bootstrap\HostRunner.cs:line 36
   at HubManager.Program.Main(String[] args) in C:\Users\jason\Documents\work\Task 2.2\NoaHubManager\Hub-Manager\src\HubManager\Program.cs:line 28
2025-11-04 16:49:41.990 +02:00 [INF] Shutting down NoaHubManager
2025-11-04 16:50:37.918 +02:00 [INF] Serilog configured successfully
2025-11-04 16:50:37.967 +02:00 [INF] === NoaHubManager Starting ===
2025-11-04 16:50:37.971 +02:00 [INF] Version: 1.0.0.0
2025-11-04 16:50:37.973 +02:00 [INF] Build Date: "2025-11-04T16:50:36.4637140+02:00"
2025-11-04 16:50:37.979 +02:00 [INF] Runtime: 9.0.9
2025-11-04 16:50:37.981 +02:00 [INF] OS: Microsoft Windows NT 10.0.26100.0
2025-11-04 16:50:37.983 +02:00 [INF] Machine: <machine>
2025-11-04 16:50:37.985 +02:00 [INF] User: <user>
2025-11-04 16:50:37.986 +02:00 [INF] Process ID: <pid-hidden>
2025-11-04 16:50:37.988 +02:00 [INF] Working Directory: <USERPROFILE>\Documents\work\Task 2.2\NoaHubManager\Hub-Manager\src\HubManager\bin\Debug\net9.0
2025-11-04 16:50:37.989 +02:00 [INF] Command Line: <cmdline-hidden>
2025-11-04 16:50:37.991 +02:00 [INF] Environment: Production
2025-11-04 16:50:38.113 +02:00 [INF] Starting service configuration for NoaHubManager
2025-11-04 16:50:38.221 +02:00 [INF] OpenTelemetry configured for NoaHubManager v1.0.0.0
2025-11-04 16:50:38.238 +02:00 [INF] Service configuration completed. Registered services: 104
2025-11-04 16:50:38.312 +02:00 [FTL] Host terminated unexpectedly
System.InvalidOperationException: Unable to resolve service for type 'Application.Interfaces.IKafkaService`1[Domain.ValueObjects.Gateway.GatewayMessage]' while attempting to activate 'HubManager.MessagesBackgroundService'.
   at Microsoft.Extensions.DependencyInjection.ServiceLookup.CallSiteFactory.CreateArgumentCallSites(ServiceIdentifier serviceIdentifier, Type implementationType, CallSiteChain callSiteChain, ParameterInfo[] parameters, Boolean throwIfCallSiteNotFound)
   at Microsoft.Extensions.DependencyInjection.ServiceLookup.CallSiteFactory.CreateConstructorCallSite(ResultCache lifetime, ServiceIdentifier serviceIdentifier, Type implementationType, CallSiteChain callSiteChain)
   at Microsoft.Extensions.DependencyInjection.ServiceLookup.CallSiteFactory.TryCreateExact(ServiceDescriptor descriptor, ServiceIdentifier serviceIdentifier, CallSiteChain callSiteChain, Int32 slot)
   at Microsoft.Extensions.DependencyInjection.ServiceLookup.CallSiteFactory.TryCreateEnumerable(ServiceIdentifier serviceIdentifier, CallSiteChain callSiteChain)
   at Microsoft.Extensions.DependencyInjection.ServiceLookup.CallSiteFactory.CreateCallSite(ServiceIdentifier serviceIdentifier, CallSiteChain callSiteChain)
   at Microsoft.Extensions.DependencyInjection.ServiceLookup.CallSiteFactory.GetCallSite(ServiceIdentifier serviceIdentifier, CallSiteChain callSiteChain)
   at Microsoft.Extensions.DependencyInjection.ServiceProvider.CreateServiceAccessor(ServiceIdentifier serviceIdentifier)
   at System.Collections.Concurrent.ConcurrentDictionary`2.GetOrAdd(TKey key, Func`2 valueFactory)
   at Microsoft.Extensions.DependencyInjection.ServiceProvider.GetService(ServiceIdentifier serviceIdentifier, ServiceProviderEngineScope serviceProviderEngineScope)
   at Microsoft.Extensions.DependencyInjection.ServiceProvider.GetService(Type serviceType)
   at Microsoft.Extensions.DependencyInjection.ServiceProviderServiceExtensions.GetRequiredService(IServiceProvider provider, Type serviceType)
   at Microsoft.Extensions.DependencyInjection.ServiceProviderServiceExtensions.GetRequiredService[T](IServiceProvider provider)
   at Microsoft.Extensions.Hosting.Internal.Host.StartAsync(CancellationToken cancellationToken)
   at Microsoft.Extensions.Hosting.HostingAbstractionsHostExtensions.RunAsync(IHost host, CancellationToken token)
   at Microsoft.Extensions.Hosting.HostingAbstractionsHostExtensions.RunAsync(IHost host, CancellationToken token)
   at HubManager.Bootstrap.HostRunner.RunAsync(BootstrapContext ctx, IHost host) in C:\Users\jason\Documents\work\Task 2.2\NoaHubManager\Hub-Manager\src\HubManager\Bootstrap\HostRunner.cs:line 36
   at HubManager.Program.Main(String[] args) in C:\Users\jason\Documents\work\Task 2.2\NoaHubManager\Hub-Manager\src\HubManager\Program.cs:line 28
2025-11-04 16:50:38.319 +02:00 [INF] Shutting down NoaHubManager
